// Jest Snapshot v1, https://goo.gl/fbAQLP

exports[`LineChartContent matches snapshot 1`] = `
.c0 {
  -webkit-flex: 1 1 100%;
  -ms-flex: 1 1 100%;
  flex: 1 1 100%;
  position: relative;
  display: -webkit-box;
  display: -webkit-flex;
  display: -ms-flexbox;
  display: flex;
  min-height: 250px;
  border-radius: 3px;
  border: 1px solid rgb(217,217,217);
  margin: 8px;
}

.c0 > * {
  margin: 8px;
}

<div
  className="c0"
/>
`;
