// Jest Snapshot v1, https://goo.gl/fbAQLP

exports[`Table Toolbar matches snapshot 1`] = `
<styled.div>
  <styled.div>
    <Form>
      <styled.input
        aria-label="Search Services"
        onChange={[Function]}
        placeholder="Search Services"
        value=""
      />
    </Form>
  </styled.div>
  <styled.div>
    <Button
      active={true}
      clickAction={[Function]}
      glyph="Card"
      key="Card"
      label="Card"
    />
    <Button
      active={false}
      clickAction={[Function]}
      glyph="List"
      key="List"
      label="List"
    />
  </styled.div>
  <styled.div>
    <Styled(Select)
      clearable={false}
      name="form-field-group-by"
      onChange={[Function]}
      options={
        Array [
          Object {
            "label": "Owner",
            "value": "Owner",
          },
          Object {
            "label": "Status",
            "value": "Status",
          },
        ]
      }
      searchable={false}
      value="Status"
      valueRenderer={[Function]}
    />
    <Styled(Select)
      clearable={false}
      name="form-field-sort-by"
      onChange={[Function]}
      options={
        Array [
          Object {
            "label": "Name",
            "value": "Name",
          },
          Object {
            "label": "Status",
            "value": "Status",
          },
        ]
      }
      searchable={false}
      value="Name"
      valueRenderer={[Function]}
    />
  </styled.div>
</styled.div>
`;
