// Jest Snapshot v1, https://goo.gl/fbAQLP

exports[`Inspector matches snapshot 1`] = `
.c0 {
  position: absolute;
  top: 0;
  right: 0;
  bottom: 0;
  left: 0;
  font-family: Rubik,-apple-system,BlinkMacSystemFont,"Segoe UI","Roboto","Oxygen","Ubuntu","Cantarell","Fira Sans","Droid Sans","Helvetica Neue",sans-serif;
  line-height: 1.2;
  height: 100%;
  border-radius: 3px;
  display: -webkit-box;
  display: -webkit-flex;
  display: -ms-flexbox;
  display: flex;
  -webkit-flex-direction: column;
  -ms-flex-direction: column;
  flex-direction: column;
}

.c1 {
  -webkit-flex: 0 0 56px;
  -ms-flex: 0 0 56px;
  flex: 0 0 56px;
  padding: 8px;
  display: -webkit-box;
  display: -webkit-flex;
  display: -ms-flexbox;
  display: flex;
  -webkit-align-items: stretch;
  -webkit-box-align: stretch;
  -ms-flex-align: stretch;
  align-items: stretch;
  box-shadow: 0 1px 0 0 hsl(0,0%,92%);
}

.c3 {
  -webkit-flex: 1 1 100%;
  -ms-flex: 1 1 100%;
  flex: 1 1 100%;
  margin: 0 auto;
  -webkit-overflow-scrolling: touch;
  overflow-y: scroll;
  padding: 0 8px;
  width: 100%;
  word-break: break-all;
}

.c4 {
  cursor: pointer;
  display: -webkit-box;
  display: -webkit-flex;
  display: -ms-flexbox;
  display: flex;
  padding: 4px 8px;
  word-wrap: break-word;
  -webkit-transition: all 0.2s ease;
  transition: all 0.2s ease;
  border-radius: 3px;
  will-change: transform;
}

.c4:first-child {
  margin-top: 8px;
}

.c4:focus {
  outline: -webkit-focus-ring-color auto 5px;
}

.c4:hover {
  color: rgb(10,171,42);
}

.c4:active {
  color: rgb(10,171,42);
  -webkit-transform: scale(0.9875);
  -ms-transform: scale(0.9875);
  transform: scale(0.9875);
  -webkit-transition-duration: 0;
  transition-duration: 0;
}

.c4:focus:active:hover {
  outline: 0;
}

.c2 {
  -webkit-appearance: none;
  -moz-appearance: none;
  appearance: none;
  display: -webkit-box;
  display: -webkit-flex;
  display: -ms-flexbox;
  display: flex;
  color: black;
  font-family: Nunito,-apple-system,BlinkMacSystemFont,"Segoe UI","Roboto","Oxygen","Ubuntu","Cantarell","Fira Sans","Droid Sans","Helvetica Neue",sans-serif;
  font-weight: 600;
  font-size: 14px;
  line-height: 1.4;
  text-align: left;
  text-transform: none;
  padding: 1.4px 4px;
  background-color: rgb(255,255,255);
  border-radius: 3px;
  border: 1px solid rgb(242,242,242);
  border-bottom-color: rgb(230,230,230);
  -webkit-user-select: auto;
  -moz-user-select: auto;
  -ms-user-select: auto;
  user-select: auto;
  box-shadow: inset 0 0 0 transparent,0 0 0 transparent,0 0 0 transparent;
  -webkit-box-pack: center;
  -webkit-justify-content: center;
  -ms-flex-pack: center;
  justify-content: center;
  -webkit-align-items: center;
  -webkit-box-align: center;
  -ms-flex-align: center;
  align-items: center;
  -webkit-transition: all 0.3s ease;
  transition: all 0.3s ease;
  -webkit-appearance: none;
  -moz-appearance: none;
  appearance: none;
  -webkit-user-select: auto;
  -moz-user-select: auto;
  -ms-user-select: auto;
  user-select: auto;
  text-align: left;
  box-shadow: inset 0 0 0 rgba(0,0,0,0),0 0 0 rgba(0,0,0,0), 0 0 0 rgba(0,0,0,0);
  width: 100%;
}

.c2:hover {
  background-color: rgb(250,250,250);
  border-color: rgb(237,237,237);
  -webkit-transition: all 0.1s ease;
  transition: all 0.1s ease;
  border-bottom-color: rgb(217,217,217);
  color: black;
}

.c2:focus {
  outline: none;
  box-shadow: 0 0 0 2px rgb(10,171,42);
  z-index: 1;
}

.c2::-webkit-input-placeholder {
  color: currentColor;
  opacity: 1;
  text-align: center;
}

.c2::-moz-placeholder {
  color: currentColor;
  opacity: 1;
  text-align: center;
}

.c2:-ms-input-placeholder {
  color: currentColor;
  opacity: 1;
  text-align: center;
}

.c2::placeholder {
  color: currentColor;
  opacity: 1;
  text-align: center;
}

.c2::-ms-expand {
  background-color: transparent;
  border: 0;
}

.c2[type="text"],
.c2[type="search"] {
  cursor: text;
}

.c2[type="text"]:focus::-webkit-input-placeholder,
.c2[type="search"]:focus::-webkit-input-placeholder {
  opacity: 0;
}

.c2[type="text"]:focus::-moz-placeholder,
.c2[type="search"]:focus::-moz-placeholder {
  opacity: 0;
}

.c2[type="text"]:focus:-ms-input-placeholder,
.c2[type="search"]:focus:-ms-input-placeholder {
  opacity: 0;
}

.c2[type="text"]:focus::placeholder,
.c2[type="search"]:focus::placeholder {
  opacity: 0;
}

.c2::-webkit-input-placeholder {
  color: currentColor;
  opacity: 1;
  text-align: center;
}

.c2::-moz-placeholder {
  color: currentColor;
  opacity: 1;
  text-align: center;
}

.c2:-ms-input-placeholder {
  color: currentColor;
  opacity: 1;
  text-align: center;
}

.c2::placeholder {
  color: currentColor;
  opacity: 1;
  text-align: center;
}

.c2::-ms-expand {
  background-color: transparent;
  border: 0;
}

.c2:focus {
  outline: none;
  box-shadow: inset 0 0 0 rgba(255,255,255,0.5), 0 0 0 1px rgb(71,192,95), 0 0 0 4px rgb(194,234,202);
}

<div
  className="c0"
>
  <div
    className="c1"
  >
    <input
      aria-label="Search All Metrics"
      className="c2"
      onChange={[Function]}
      placeholder="Search"
      type="search"
      value=""
    />
  </div>
  <ul
    className="c3"
  >
    <div
      className="c4"
      onClick={[Function]}
      onKeyDown={[Function]}
      tabIndex="0"
    >
      finagle/build/revision
    </div>
    <div
      className="c4"
      onClick={[Function]}
      onKeyDown={[Function]}
      tabIndex="0"
    >
      finagle/clientregistry/initialresolution_ms
    </div>
    <div
      className="c4"
      onClick={[Function]}
      onKeyDown={[Function]}
      tabIndex="0"
    >
      finagle/clientregistry/size
    </div>
    <div
      className="c4"
      onClick={[Function]}
      onKeyDown={[Function]}
      tabIndex="0"
    >
      finagle/future_pool/active_tasks
    </div>
    <div
      className="c4"
      onClick={[Function]}
      onKeyDown={[Function]}
      tabIndex="0"
    >
      finagle/future_pool/completed_tasks
    </div>
    <div
      className="c4"
      onClick={[Function]}
      onKeyDown={[Function]}
      tabIndex="0"
    >
      finagle/future_pool/pool_size
    </div>
    <div
      className="c4"
      onClick={[Function]}
      onKeyDown={[Function]}
      tabIndex="0"
    >
      finagle/timer/deviation_ms.avg
    </div>
    <div
      className="c4"
      onClick={[Function]}
      onKeyDown={[Function]}
      tabIndex="0"
    >
      http/closes
    </div>
    <div
      className="c4"
      onClick={[Function]}
      onKeyDown={[Function]}
      tabIndex="0"
    >
      http/connection_duration.count
    </div>
    <div
      className="c4"
      onClick={[Function]}
      onKeyDown={[Function]}
      tabIndex="0"
    >
      http/connection_received_bytes.count
    </div>
    <div
      className="c4"
      onClick={[Function]}
      onKeyDown={[Function]}
      tabIndex="0"
    >
      http/connection_requests.count
    </div>
    <div
      className="c4"
      onClick={[Function]}
      onKeyDown={[Function]}
      tabIndex="0"
    >
      http/connection_sent_bytes.count
    </div>
    <div
      className="c4"
      onClick={[Function]}
      onKeyDown={[Function]}
      tabIndex="0"
    >
      http/connections
    </div>
    <div
      className="c4"
      onClick={[Function]}
      onKeyDown={[Function]}
      tabIndex="0"
    >
      http/connects
    </div>
  </ul>
</div>
`;
