// Jest Snapshot v1, https://goo.gl/fbAQLP

exports[`Inspector matches snapshot 1`] = `
<div
  className="sc-bdVaJa dsqchu"
>
  <div
    className="sc-bwzfXH kyXIzm"
  >
    <input
      aria-label="Search All Metrics"
      className="sc-ifAKCX dhqUEo"
      onChange={[Function]}
      placeholder="Search"
      type="search"
      value=""
    />
  </div>
  <ul
    className="sc-htpNat leFimP"
  >
    <div
      className="sc-bxivhb jgcmsu"
      onClick={[Function]}
      onKeyDown={[Function]}
      tabIndex="0"
    >
      finagle/build/revision
    </div>
    <div
      className="sc-bxivhb jgcmsu"
      onClick={[Function]}
      onKeyDown={[Function]}
      tabIndex="0"
    >
      finagle/clientregistry/initialresolution_ms
    </div>
    <div
      className="sc-bxivhb jgcmsu"
      onClick={[Function]}
      onKeyDown={[Function]}
      tabIndex="0"
    >
      finagle/clientregistry/size
    </div>
    <div
      className="sc-bxivhb jgcmsu"
      onClick={[Function]}
      onKeyDown={[Function]}
      tabIndex="0"
    >
      finagle/future_pool/active_tasks
    </div>
    <div
      className="sc-bxivhb jgcmsu"
      onClick={[Function]}
      onKeyDown={[Function]}
      tabIndex="0"
    >
      finagle/future_pool/completed_tasks
    </div>
    <div
      className="sc-bxivhb jgcmsu"
      onClick={[Function]}
      onKeyDown={[Function]}
      tabIndex="0"
    >
      finagle/future_pool/pool_size
    </div>
    <div
      className="sc-bxivhb jgcmsu"
      onClick={[Function]}
      onKeyDown={[Function]}
      tabIndex="0"
    >
      finagle/timer/deviation_ms.avg
    </div>
    <div
      className="sc-bxivhb jgcmsu"
      onClick={[Function]}
      onKeyDown={[Function]}
      tabIndex="0"
    >
      http/closes
    </div>
    <div
      className="sc-bxivhb jgcmsu"
      onClick={[Function]}
      onKeyDown={[Function]}
      tabIndex="0"
    >
      http/connection_duration.count
    </div>
    <div
      className="sc-bxivhb jgcmsu"
      onClick={[Function]}
      onKeyDown={[Function]}
      tabIndex="0"
    >
      http/connection_received_bytes.count
    </div>
    <div
      className="sc-bxivhb jgcmsu"
      onClick={[Function]}
      onKeyDown={[Function]}
      tabIndex="0"
    >
      http/connection_requests.count
    </div>
    <div
      className="sc-bxivhb jgcmsu"
      onClick={[Function]}
      onKeyDown={[Function]}
      tabIndex="0"
    >
      http/connection_sent_bytes.count
    </div>
    <div
      className="sc-bxivhb jgcmsu"
      onClick={[Function]}
      onKeyDown={[Function]}
      tabIndex="0"
    >
      http/connections
    </div>
    <div
      className="sc-bxivhb jgcmsu"
      onClick={[Function]}
      onKeyDown={[Function]}
      tabIndex="0"
    >
      http/connects
    </div>
  </ul>
</div>
`;
