// Jest Snapshot v1, https://goo.gl/fbAQLP

exports[`AppHeaderContainer matches snapshot 1`] = `
.c0 {
  display: -webkit-box;
  display: -webkit-flex;
  display: -ms-flexbox;
  display: flex;
  -webkit-flex: 0 0 auto;
  -ms-flex: 0 0 auto;
  flex: 0 0 auto;
  -webkit-flex-direction: column;
  -ms-flex-direction: column;
  flex-direction: column;
  -webkit-align-items: stretch;
  -webkit-box-align: stretch;
  -ms-flex-align: stretch;
  align-items: stretch;
  background-image: url(app-banner.png);
  background-size: auto 101px;
  background-repeat: no-repeat;
  background-position: 88% 32px;
  background-color: rgb(0,0,0);
}

<div
  className="c0"
/>
`;
