// Jest Snapshot v1, https://goo.gl/fbAQLP

exports[`TabNav matches snapshot 1`] = `
.c0 {
  display: -webkit-box;
  display: -webkit-flex;
  display: -ms-flexbox;
  display: flex;
  -webkit-flex-flow: row wrap;
  -ms-flex-flow: row wrap;
  flex-flow: row wrap;
  color: rgb(150,150,150);
  background-color: model:rgb;
  color: 44.625,44.625,44.625;
  valpha: 1;
  padding: 2px;
  overflow: hidden;
  position: relative;
}

<nav
  className="c0"
/>
`;
