// Jest Snapshot v1, https://goo.gl/fbAQLP

exports[`Header matches snapshot 1`] = `
.c0 {
  font-size: 36px;
  font-family: Metropolis;
  margin: 0;
  position: relative;
  display: inline-block;
  z-index: 0;
  max-width: 100%;
  overflow: hidden;
  text-transform: capitalize;
  line-height: 1.2;
}

<h1
  className="c0"
/>
`;
