// Jest Snapshot v1, https://goo.gl/fbAQLP

exports[`<GMLineChart> stateless child component matches snapshot 1`] = `
<styled.div
  aria-label="A tabular representation of the Classes chart data:
      median 10181.00
      average 10181.00
      mode Mode has frequency of 2 and values of 10181
      maximum 10181
      minimum 10181
      number of observations 2
      complete data time series follows 10181,10181"
  height="xs"
  role="presentation"
>
  <styled.h3
    aria-hidden={true}
  >
    Classes
  </styled.h3>
  <styled.div
    aria-hidden={true}
  >
    <DygraphWrapper
      timeSeries={
        Array [
          Array [
            Array [
              "Wed Nov 29 2017 18:46:51 GMT-0500 (EST)",
              10181,
            ],
            Array [
              "Wed Nov 29 2017 18:46:51 GMT-0500 (EST)",
              10181,
            ],
          ],
          Object {
            "labels": Array [
              "time",
              "# of currently loaded JVM Classes",
            ],
          },
        ]
      }
    />
  </styled.div>
  <styled.div>
    <styled.div
      key="Total Loaded: 10,200"
    >
      Total Loaded: 10,200
    </styled.div>
    <styled.div
      key="Total Unloaded: 19"
    >
      Total Unloaded: 19
    </styled.div>
  </styled.div>
</styled.div>
`;
