// Jest Snapshot v1, https://goo.gl/fbAQLP

exports[`LanguageSelector matches snapshot 1`] = `
.c0 {
  color: rgb(255,255,255);
  cursor: pointer;
  -webkit-user-select: none;
  -moz-user-select: none;
  -ms-user-select: none;
  user-select: none;
}

.c0 > :first-child {
  opacity: 0.8;
}

.c0 > :first-child:hover {
  opacity: 1;
}

.c1 {
  position: absolute;
  background-color: rgb(255,255,255);
  border-radius: 3px;
  color: rgb(32,32,32);
  opacity: 0;
  padding: 8px;
  margin: 0;
  text-align: right;
  -webkit-transition: all 0.5s ease;
  transition: all 0.5s ease;
  visibility: hidden;
  white-space: normal;
  -webkit-flex: 1 1 10em;
  -ms-flex: 1 1 10em;
  flex: 1 1 10em;
  display: -webkit-box;
  display: -webkit-flex;
  display: -ms-flexbox;
  display: flex;
  -webkit-flex-direction: column;
  -ms-flex-direction: column;
  flex-direction: column;
  right: 0;
}

.c2 {
  padding: 5px 0;
  list-style-type: none;
}

.c2:hover {
  color: rgb(10,171,42);
}

<div
  class="c0"
>
  <span>
    Languages
  </span>
  <ul
    class="c1"
  >
    <li
      class="c2"
    >
      English (en)
    </li>
    <li
      class="c2"
    >
      Español (es)
    </li>
    <li
      class="c2"
    >
      Deutsch (de)
    </li>
  </ul>
</div>
`;
