// Jest Snapshot v1, https://goo.gl/fbAQLP

exports[`Go Instance Functions View: <FunctionsGrid/> Matches snapshot 1`] = `
<WithUrlStateWrapper
  dispatch={[Function]}
  funcs={
    Array [
      Object {
        "errorPercent": "0.000",
        "errorsCount": 0,
        "func": "CatalogStream",
        "inThroughput": 227,
        "latency50": 1956,
        "latency90": 3469,
        "latency95": 3484,
        "latency99": 3484,
        "latency9990": 3484,
        "latency9999": 3484,
        "latencyAvg": 1942.692308,
        "latencyCount": 13,
        "latencyMax": 3484,
        "latencyMin": 600,
        "outThroughput": 2889,
        "requests": 13,
        "requestsPerSecond_dygraph": Array [
          Array [
            Array [
              2017-11-14T22:48:14.557Z,
              0,
            ],
            Array [
              2017-11-14T22:48:19.598Z,
              0,
            ],
            Array [
              2017-11-14T22:48:24.508Z,
              0,
            ],
            Array [
              2017-11-14T22:48:29.508Z,
              0,
            ],
            Array [
              2017-11-14T22:48:34.507Z,
              0,
            ],
            Array [
              2017-11-14T22:48:39.507Z,
              0,
            ],
          ],
          Object {
            "labels": Array [
              "time",
              "Requests",
            ],
          },
        ],
        "requestsPerSecond_sparkline": Array [
          0,
          0,
          0,
          0,
          0,
        ],
      },
      Object {
        "errorPercent": "0.000",
        "errorsCount": 0,
        "func": "OrderItem",
        "inThroughput": 225,
        "latency50": 2339,
        "latency90": 3476,
        "latency95": 3565,
        "latency99": 3565,
        "latency9990": 3565,
        "latency9999": 3565,
        "latencyAvg": 2398.615385,
        "latencyCount": 13,
        "latencyMax": 3565,
        "latencyMin": 1345,
        "outThroughput": 143,
        "requests": 13,
        "requestsPerSecond_dygraph": Array [
          Array [
            Array [
              2017-11-14T22:48:14.557Z,
              0,
            ],
            Array [
              2017-11-14T22:48:19.598Z,
              0,
            ],
            Array [
              2017-11-14T22:48:24.508Z,
              0,
            ],
            Array [
              2017-11-14T22:48:29.508Z,
              0,
            ],
            Array [
              2017-11-14T22:48:34.507Z,
              0,
            ],
          ],
          Object {
            "labels": Array [
              "time",
              "Requests",
            ],
          },
        ],
        "requestsPerSecond_sparkline": Array [
          0,
          0,
          0,
          0,
        ],
      },
    ]
  }
  store={
    Object {
      "clearActions": [Function],
      "dispatch": [Function],
      "getActions": [Function],
      "getState": [Function],
      "replaceReducer": [Function],
      "subscribe": [Function],
    }
  }
  storeSubscription={
    Subscription {
      "listeners": Object {
        "clear": [Function],
        "get": [Function],
        "notify": [Function],
        "subscribe": [Function],
      },
      "onStateChange": [Function],
      "parentSub": undefined,
      "store": Object {
        "clearActions": [Function],
        "dispatch": [Function],
        "getActions": [Function],
        "getState": [Function],
        "replaceReducer": [Function],
        "subscribe": [Function],
      },
      "unsubscribe": [Function],
    }
  }
/>
`;
