// Jest Snapshot v1, https://goo.gl/fbAQLP

exports[`Toolbar matches snapshot 1`] = `
.c0 {
  -webkit-align-items: center;
  -webkit-box-align: center;
  -ms-flex-align: center;
  align-items: center;
  border-bottom: 1px solid rgb(235,235,235);
  -webkit-box-pack: center;
  -webkit-justify-content: center;
  -ms-flex-pack: center;
  justify-content: center;
  display: -webkit-box;
  display: -webkit-flex;
  display: -ms-flexbox;
  display: flex;
  -webkit-flex-direction: row;
  -ms-flex-direction: row;
  flex-direction: row;
  height: 40px;
  width: 100%;
  padding: 2px 16px;
  margin: 16px 0 8px;
}

<div
  className="c0"
/>
`;
