// Jest Snapshot v1, https://goo.gl/fbAQLP

exports[`ThreadsTableLineItem component Matched the snapshot 1`] = `
<ThreadsTableLineItem
  daemon={true}
  id={11}
  name="finagle/netty3-7"
  priority={10}
  stack={
    Array [
      "sun.nio.ch.EPollArrayWrapper.epollWait(Native Method)",
      "sun.nio.ch.EPollArrayWrapper.poll(EPollArrayWrapper.java:269)",
      "sun.nio.ch.EPollSelectorImpl.doSelect(EPollSelectorImpl.java:93)",
    ]
  }
  state="WAITING"
>
  <styled.li
    key="11"
    onClick={[Function]}
    onKeyDown={[Function]}
    role="link"
    selectable={false}
    style={
      Object {
        "cursor": "pointer",
      }
    }
    tabIndex={0}
  >
    <li
      className="sc-EHOje cjsqKx"
      onClick={[Function]}
      onKeyDown={[Function]}
      role="link"
      style={
        Object {
          "cursor": "pointer",
        }
      }
      tabIndex={0}
    >
      <styled.div
        paddingLeft={true}
      >
        <div
          className="sc-htpNat iVAdOU"
        >
          11
        </div>
      </styled.div>
      <styled.div
        style={
          Object {
            "textAlign": "center",
          }
        }
      >
        <div
          className="sc-htpNat eydWWN"
          style={
            Object {
              "textAlign": "center",
            }
          }
        >
          <StatusIcon
            status="warning"
          >
            <Icon
              backgroundColor="hsl(46.69999999999999, 100%, 46.8%)"
              backgroundOpacity=".3"
              backgroundStyle="BackgroundTriangleSmall"
              glyphColor="hsl(46.69999999999999, 100%, 41.6%)"
            >
              <styled.svg
                aria-labelledby="ariaLabelledby"
                glyphColor="hsl(46.69999999999999, 100%, 41.6%)"
                iconRatio="1"
              >
                <svg
                  aria-labelledby="ariaLabelledby"
                  className="sc-gzVnrw YXFCT"
                  version="1.1"
                  viewBox="0 0 24 24"
                  xmlns="http://www.w3.org/2000/svg"
                  xmlnsXlink="http://www.w3.org/1999/xlink"
                >
                  <IconBackground
                    backgroundColor="hsl(46.69999999999999, 100%, 46.8%)"
                    backgroundOpacity=".3"
                    name="BackgroundTriangleSmall"
                    ratio="1"
                  >
                    <BackgroundTriangleSmall
                      backgroundColor="hsl(46.69999999999999, 100%, 46.8%)"
                      backgroundOpacity=".3"
                      name="BackgroundTriangleSmall"
                    >
                      <g
                        className="iconBackground"
                        fill="hsl(46.69999999999999, 100%, 46.8%)"
                        fillOpacity=".3"
                        fillRule="evenodd"
                        id="TriangleSmall"
                      >
                        <path
                          d="M12.8468583,4.36325889 L20.9902272,17.4723234 C21.2816549,17.9414591 21.1375941,18.5580176 20.6684584,18.8494453 C20.5100456,18.9478516 20.3272715,19 20.1407818,19 L3.80424764,19 C3.25196289,19 2.80424764,18.5522847 2.80424764,18 C2.80424764,17.8125803 2.85691709,17.6289327 2.95624934,17.4700011 L11.1494146,4.36093656 C11.442125,3.89260003 12.0590754,3.75022687 12.5274119,4.0429372 C12.6569646,4.12390762 12.7662427,4.23348515 12.8468583,4.36325889 Z"
                          id="Background"
                        />
                      </g>
                    </BackgroundTriangleSmall>
                  </IconBackground>
                  <styled.g
                    ratio={1}
                    title=""
                  >
                    <g
                      className="sc-bZQynM iePCjc"
                      fill="currentColor"
                      title=""
                    >
                      <title />
                      <Exclamation>
                        <path
                          d="M11,14 L13,14 L13,16 L11,16 L11,14 Z M11,9 L13,9 L13,11.0070282 L12.5,13 L11.5,13 L11,11.0070282 L11,9 Z"
                          id="Exclamation"
                        />
                      </Exclamation>
                    </g>
                  </styled.g>
                </svg>
              </styled.svg>
            </Icon>
          </StatusIcon>
        </div>
      </styled.div>
      <styled.div
        style={
          Object {
            "textAlign": "center",
          }
        }
      >
        <div
          className="sc-htpNat eydWWN"
          style={
            Object {
              "textAlign": "center",
            }
          }
        >
          <Icon>
            <styled.svg
              aria-labelledby="ariaLabelledby"
              glyphColor="currentColor"
              iconRatio="1"
            >
              <svg
                aria-labelledby="ariaLabelledby"
                className="sc-gzVnrw eCnGhT"
                version="1.1"
                viewBox="0 0 24 24"
                xmlns="http://www.w3.org/2000/svg"
                xmlnsXlink="http://www.w3.org/1999/xlink"
              >
                <styled.g
                  ratio={1}
                  title=""
                >
                  <g
                    className="sc-bZQynM iePCjc"
                    fill="currentColor"
                    title=""
                  >
                    <title />
                    <Glyph
                      glyphColor="currentColor"
                      name="Threads"
                      ratio={1}
                    >
                      <g
                        className="glyph"
                        fill="currentColor"
                        transform="translate(0 0) scale(1)"
                      >
                        <Threads>
                          <path
                            d="M7,7 L19,7 L19,9 L7,9 L7,7 Z M6,11 L18,11 L18,13 L6,13 L6,11 Z M5,15 L17,15 L17,17 L5,17 L5,15 Z"
                            id="shape"
                          />
                        </Threads>
                      </g>
                    </Glyph>
                  </g>
                </styled.g>
              </svg>
            </styled.svg>
          </Icon>
        </div>
      </styled.div>
      <styled.div
        style={
          Object {
            "flex": "1 1 auto",
          }
        }
      >
        <div
          className="sc-bwzfXH fLpJPH"
          style={
            Object {
              "flex": "1 1 auto",
            }
          }
        >
          finagle/netty3-7
        </div>
      </styled.div>
      <styled.div>
        <div
          className="sc-bxivhb fPNLHk"
        >
          Yes
        </div>
      </styled.div>
      <styled.div>
        <div
          className="sc-bxivhb fPNLHk"
        >
          10
        </div>
      </styled.div>
      <Styled(UnmountClosed)
        isOpened={false}
        onClick={[Function]}
      >
        <UnmountClosed
          className="sc-ifAKCX jNPudG"
          isOpened={false}
          onClick={[Function]}
        />
      </Styled(UnmountClosed)>
    </li>
  </styled.li>
</ThreadsTableLineItem>
`;
