// Jest Snapshot v1, https://goo.gl/fbAQLP

exports[`ThreadsTable component Matched the snapshot 1`] = `
.c1 {
  -webkit-align-items: center;
  -webkit-box-align: center;
  -ms-flex-align: center;
  align-items: center;
  background-color: rgb(255,255,255);
  box-shadow: inset 0 -1px hsl(0,0%,92%);
  display: -webkit-box;
  display: -webkit-flex;
  display: -ms-flexbox;
  display: flex;
  -webkit-flex-wrap: wrap;
  -ms-flex-wrap: wrap;
  flex-wrap: wrap;
  font-weight: 400;
  overflow: visible;
  width: 100%;
}

.c3 {
  -webkit-flex: 1 1 12%;
  -ms-flex: 1 1 12%;
  flex: 1 1 12%;
  text-align: left;
  padding-right: 16px;
  padding-top: 7px;
  padding-bottom: 7px;
  overflow: hidden;
  text-overflow: ellipsis;
  white-space: nowrap;
}

.c3:first-child {
  padding-left: 16px;
}

.c2 {
  -webkit-flex: 1 1 12%;
  -ms-flex: 1 1 12%;
  flex: 1 1 12%;
  text-align: left;
  padding-right: 16px;
  padding-top: 7px;
  padding-bottom: 7px;
  overflow: hidden;
  text-overflow: ellipsis;
  white-space: nowrap;
  -webkit-flex: 0 1 5em;
  -ms-flex: 0 1 5em;
  flex: 0 1 5em;
}

.c2:first-child {
  padding-left: 16px;
}

.c4 {
  display: block;
  list-style: none;
  margin: 0;
  padding: 0;
}

.c0 {
  display: block;
  font-family: Rubik,-apple-system,BlinkMacSystemFont,"Segoe UI","Roboto","Oxygen","Ubuntu","Cantarell","Fira Sans","Droid Sans","Helvetica Neue",sans-serif;
  margin-left: auto;
  margin-right: auto;
  max-width: 1300px;
  width: 100%;
}

<ThreadsTable
  filteredThreadData={Array []}
  groupByAttribute="none"
  store={
    Object {
      "clearActions": [Function],
      "dispatch": [Function],
      "getActions": [Function],
      "getState": [Function],
      "replaceReducer": [Function],
      "subscribe": [Function],
    }
  }
>
  <styled.div>
    <div
      className="c0"
    >
      <ThreadsTableHeader>
        <styled.div>
          <div
            className="c1"
          >
            <styled.div
              style={
                Object {
                  "textAlign": "center",
                }
              }
            >
              <div
                className="c2"
                style={
                  Object {
                    "textAlign": "center",
                  }
                }
              >
                State
              </div>
            </styled.div>
            <styled.div
              style={
                Object {
                  "textAlign": "center",
                }
              }
            >
              <div
                className="c2"
                style={
                  Object {
                    "textAlign": "center",
                  }
                }
              >
                ID
              </div>
            </styled.div>
            <styled.div>
              <div
                className="c3"
              >
                Name
              </div>
            </styled.div>
            <styled.div
              style={
                Object {
                  "flex": "0 1 7em",
                  "textAlign": "right",
                }
              }
            >
              <div
                className="c2"
                style={
                  Object {
                    "flex": "0 1 7em",
                    "textAlign": "right",
                  }
                }
              >
                Daemon
              </div>
            </styled.div>
            <styled.div
              style={
                Object {
                  "flex": "0 1 7em",
                  "textAlign": "right",
                }
              }
            >
              <div
                className="c2"
                style={
                  Object {
                    "flex": "0 1 7em",
                    "textAlign": "right",
                  }
                }
              >
                Priority
              </div>
            </styled.div>
            <styled.div>
              <div
                className="c2"
              />
            </styled.div>
          </div>
        </styled.div>
      </ThreadsTableHeader>
      <ThreadsList
        threads={Array []}
      >
        <styled.ol>
          <ol
            className="c4"
          />
        </styled.ol>
      </ThreadsList>
    </div>
  </styled.div>
</ThreadsTable>
`;
