// Jest Snapshot v1, https://goo.gl/fbAQLP

exports[`InspectorToolbar matches snapshot 1`] = `
.c0 {
  -webkit-align-items: stretch;
  -webkit-box-align: stretch;
  -ms-flex-align: stretch;
  align-items: stretch;
  box-shadow: 0 1px 0 0 hsl(0,0%,92%);
  display: -webkit-box;
  display: -webkit-flex;
  display: -ms-flexbox;
  display: flex;
  -webkit-flex: 0 0 56px;
  -ms-flex: 0 0 56px;
  flex: 0 0 56px;
  padding: 8px;
}

<div
  className="c0"
/>
`;
