// Jest Snapshot v1, https://goo.gl/fbAQLP

exports[`ThreadsTable component Matched the snapshot 1`] = `
<ThreadsTable
  store={
    Object {
      "clearActions": [Function],
      "dispatch": [Function],
      "getActions": [Function],
      "getState": [Function],
      "replaceReducer": [Function],
      "subscribe": [Function],
    }
  }
>
  <styled.div>
    <div
      className="sc-htoDjs jAhemH"
    >
      <styled.div>
        <div
          className="sc-dnqmqq gIvpQT"
        >
          <styled.div
            paddingLeft={true}
          >
            <div
              className="sc-gqjmRU fJIGBQ"
            >
              ID
            </div>
          </styled.div>
          <styled.div
            style={
              Object {
                "textAlign": "center",
              }
            }
          >
            <div
              className="sc-gqjmRU gQSUoL"
              style={
                Object {
                  "textAlign": "center",
                }
              }
            >
              State
            </div>
          </styled.div>
          <styled.div>
            <div
              className="sc-gqjmRU gQSUoL"
            >
              Trace
            </div>
          </styled.div>
          <styled.div
            style={
              Object {
                "flex": "1 1 auto",
              }
            }
          >
            <div
              className="sc-gZMcBi hVuIxC"
              style={
                Object {
                  "flex": "1 1 auto",
                }
              }
            >
              Name
            </div>
          </styled.div>
          <styled.div
            header={true}
          >
            <div
              className="sc-bxivhb kvyvhu"
            >
              Daemon
            </div>
          </styled.div>
          <styled.div
            header={true}
          >
            <div
              className="sc-bxivhb kvyvhu"
            >
              Priority
            </div>
          </styled.div>
        </div>
      </styled.div>
      <styled.ol>
        <ol
          className="sc-iwsKbI hzfbcM"
        />
      </styled.ol>
    </div>
  </styled.div>
</ThreadsTable>
`;
