// Jest Snapshot v1, https://goo.gl/fbAQLP

exports[`Table component matches snapshot 1`] = `
.c9 {
  -webkit-transform: scale(1);
  -ms-transform: scale(1);
  transform: scale(1);
}

.c8 {
  z-index: 1;
  height: 24px;
  width: 24px;
  color: currentColor;
  word-spacing: 0;
  vertical-align: middle;
}

.c8:not(:root) {
  overflow: visible;
}

.c4 {
  -webkit-align-items: center;
  -webkit-box-align: center;
  -ms-flex-align: center;
  align-items: center;
  background-color: rgb(255,255,255);
  box-shadow: inset 0 -1px hsl(0,0%,92%);
  cursor: pointer;
  display: -webkit-box;
  display: -webkit-flex;
  display: -ms-flexbox;
  display: flex;
  -webkit-flex-wrap: wrap;
  -ms-flex-wrap: wrap;
  flex-wrap: wrap;
  height: default;
  min-height: 36px;
  width: 100%;
}

.c4:hover {
  background-color: hsl(0,0%,98%);
}

.c4:focus {
  outline: -webkit-focus-ring-color auto 5px;
}

.c4:focus:active:hover {
  outline: 0;
}

.c4 > * {
  padding-right: 16px;
  padding-top: 7px;
  padding-bottom: 7px;
  overflow: hidden;
  text-overflow: ellipsis;
  white-space: nowrap;
}

.c4 > *:first-child {
  padding-left: 16px;
}

.c13 {
  -webkit-flex: 1 1 12%;
  -ms-flex: 1 1 12%;
  flex: 1 1 12%;
  text-align: left;
}

.c14 {
  -webkit-flex: 1 1 12%;
  -ms-flex: 1 1 12%;
  flex: 1 1 12%;
  text-align: left;
  color: rgb(10,171,42);
}

.c5 {
  -webkit-flex: 1 1 12%;
  -ms-flex: 1 1 12%;
  flex: 1 1 12%;
  text-align: left;
  -webkit-flex: 1 1 20%;
  -ms-flex: 1 1 20%;
  flex: 1 1 20%;
  position: relative;
}

.c12 {
  -webkit-flex: 1 1 12%;
  -ms-flex: 1 1 12%;
  flex: 1 1 12%;
  text-align: left;
  height: 24px;
  padding-top: 4px;
  padding-bottom: 4px;
}

.c12 svg {
  height: inherit;
}

.c10 {
  position: absolute;
  bottom: 0;
  left: 0;
  right: 16px;
  border-radius: 1px 4px 4px 1px;
  height: 3px;
  background-color: rgb(230,230,230);
}

.c11 {
  width: 100%;
  color: currentColor;
  min-width: 2px;
  position: absolute;
  background-color: currentColor;
  border-radius: inherit;
  top: 0;
  bottom: 0;
  left: 0;
}

.c15 {
  width: 0%;
  color: currentColor;
  min-width: 2px;
  position: absolute;
  background-color: currentColor;
  border-radius: inherit;
  top: 0;
  bottom: 0;
  left: 0;
}

.c7 {
  font-size: 11px;
  font-weight: 500;
  text-align: center;
  -webkit-letter-spacing: 0.06em;
  -moz-letter-spacing: 0.06em;
  -ms-letter-spacing: 0.06em;
  letter-spacing: 0.06em;
  padding: 2px 4px;
  background-color: rgb(10,171,42);
  border-radius: 3px;
  color: rgb(255,255,255);
  margin-right: 4px;
}

.c7 svg:first-child {
  margin-left: -6px;
  margin-right: -4px;
}

.c6 {
  display: -webkit-box;
  display: -webkit-flex;
  display: -ms-flexbox;
  display: flex;
}

.c6 > div {
  margin-top: 5px;
  white-space: nowrap;
  overflow: hidden;
  text-overflow: ellipsis;
  min-width: 0;
}

.c0 {
  width: 100%;
  font-family: Rubik,-apple-system,BlinkMacSystemFont,"Segoe UI","Roboto","Oxygen","Ubuntu","Cantarell","Fira Sans","Droid Sans","Helvetica Neue",sans-serif;
  display: block;
  max-width: 1300px;
  margin-left: auto;
  margin-right: auto;
}

.c1 {
  display: -webkit-box;
  display: -webkit-flex;
  display: -ms-flexbox;
  display: flex;
  -webkit-flex-wrap: wrap;
  -ms-flex-wrap: wrap;
  flex-wrap: wrap;
  -webkit-align-items: flex-start;
  -webkit-box-align: flex-start;
  -ms-flex-align: flex-start;
  align-items: flex-start;
  width: 100%;
  box-shadow: inset 0 -1px hsl(0,0%,92%);
  background-color: rgb(255,255,255);
  overflow: hidden;
  font-weight: 500;
}

.c3 {
  margin: 0;
  display: block;
  list-style: none;
  padding: 0;
}

.c2 {
  -webkit-flex: 1 1 12%;
  -ms-flex: 1 1 12%;
  flex: 1 1 12%;
  text-align: left;
  padding-right: 16px;
  padding-top: 7px;
  padding-bottom: 7px;
  overflow: hidden;
  text-overflow: ellipsis;
  white-space: nowrap;
}

.c2:first-child {
  padding-left: 16px;
}

<div
  className="c0"
>
  <div
    className="c1"
  >
    <div
      className="c2"
      style={
        Object {
          "flex": "1 1 20%",
        }
      }
    >
      Route
    </div>
    <div
      className="c2"
      style={Object {}}
    >
      Requests/sec
    </div>
    <div
      className="c2"
      style={
        Object {
          "textAlign": "right",
        }
      }
    >
      Requests
    </div>
    <div
      className="c2"
      style={
        Object {
          "textAlign": "right",
        }
      }
    >
      Error %
    </div>
    <div
      className="c2"
      style={
        Object {
          "textAlign": "right",
        }
      }
    >
      Latency 50%
    </div>
    <div
      className="c2"
      style={
        Object {
          "textAlign": "right",
        }
      }
    >
      Latency 99%
    </div>
  </div>
  <ol
    className="c3"
  >
    <li
      className="c4"
      onClick={[Function]}
      onKeyDown={[Function]}
      role="link"
      tabIndex={0}
    >
      <div
        className="c5"
      >
        <div
          className="c6"
        >
          <span
            className="c7"
          >
            <svg
              aria-labelledby="ariaLabelledby"
              className="c8"
              focusable="false"
              version="1.1"
              viewBox="0 0 24 24"
              xmlns="http://www.w3.org/2000/svg"
              xmlnsXlink="http://www.w3.org/1999/xlink"
            >
              <g
                className="c9"
                fill="currentColor"
                title=""
              >
                <title>
                  
                </title>
                <g
                  className="glyph"
                  fill="currentColor"
                  transform="translate(0 0) scale(1)"
                >
                  <path
                    d="M11.5,13.940832 C9.01471863,13.940832 7,11.9261134 7,9.44083202 C7,6.95555065 9.01471863,4.94083202 11.5,4.94083202 C13.9852814,4.94083202 16,6.95555065 16,9.44083202 C16,11.9261134 13.9852814,13.940832 11.5,13.940832 Z M11.5521421,10.940832 C12.3805692,10.940832 13.0521421,10.2692591 13.0521421,9.44083202 C13.0521421,8.6124049 12.3805692,7.94083202 11.5521421,7.94083202 C10.723715,7.94083202 10.0521421,8.6124049 10.0521421,9.44083202 C10.0521421,10.2692591 10.723715,10.940832 11.5521421,10.940832 Z M8.38682576,13.9480614 C9.26316923,14.5385122 10.3188503,14.8831582 11.4550278,14.8831582 C12.5958345,14.8831582 13.6554876,14.535698 14.5339326,13.940832 L15.0304823,14.3285452 L11.4650086,17.0026504 L7.89953494,14.3285452 L8.38682576,13.9480614 Z"
                    id="get"
                  />
                </g>
              </g>
            </svg>
            GET
          </span>
          <div>
            /categories
          </div>
        </div>
        <div
          className="c10"
        >
          <div
            className="c11"
            width={100}
          />
        </div>
      </div>
      <div
        className="c12"
      >
        <svg
          preserveAspectRatio="xMaxYMin"
          style={undefined}
          viewBox="0 0 240 32"
        >
          <g>
            <circle
              cx={2}
              cy={29.999999999999996}
              onClick={[Function]}
              onMouseEnter={[Function]}
              r={2}
              style={
                Object {
                  "fill": "none",
                  "fillOpacity": ".1",
                  "pointerEvents": "auto",
                  "stroke": "currentColor",
                  "strokeWidth": "0",
                }
              }
            />
            <circle
              cx={80.66666666666667}
              cy={29.442675159235666}
              onClick={[Function]}
              onMouseEnter={[Function]}
              r={2}
              style={
                Object {
                  "fill": "none",
                  "fillOpacity": ".1",
                  "pointerEvents": "auto",
                  "stroke": "currentColor",
                  "strokeWidth": "0",
                }
              }
            />
            <circle
              cx={159.33333333333334}
              cy={20.4140127388535}
              onClick={[Function]}
              onMouseEnter={[Function]}
              r={2}
              style={
                Object {
                  "fill": "none",
                  "fillOpacity": ".1",
                  "pointerEvents": "auto",
                  "stroke": "currentColor",
                  "strokeWidth": "0",
                }
              }
            />
            <circle
              cx={238}
              cy={2}
              onClick={[Function]}
              onMouseEnter={[Function]}
              r={2}
              style={
                Object {
                  "fill": "none",
                  "fillOpacity": ".1",
                  "pointerEvents": "auto",
                  "stroke": "currentColor",
                  "strokeWidth": "0",
                }
              }
            />
            <polyline
              points="2 29.999999999999996 80.66666666666667 29.442675159235666 159.33333333333334 20.4140127388535 238 2 238 30 2 30 2 29.999999999999996"
              style={
                Object {
                  "fill": "none",
                  "fillOpacity": ".1",
                  "pointerEvents": "auto",
                  "stroke": "currentColor",
                  "strokeWidth": "0",
                }
              }
            />
            <polyline
              points="2 29.999999999999996 80.66666666666667 29.442675159235666 159.33333333333334 20.4140127388535 238 2"
              style={
                Object {
                  "fill": "none",
                  "stroke": "currentColor",
                  "strokeLinecap": "round",
                  "strokeLinejoin": "round",
                  "strokeWidth": 1,
                }
              }
            />
          </g>
          <line
            style={
              Object {
                "opacity": "0.4",
                "stroke": "grey",
              }
            }
            x1={2}
            x2={238}
            y1={22.46417197452229}
            y2={22.46417197452229}
          />
        </svg>
      </div>
      <div
        className="c13"
        style={
          Object {
            "textAlign": "right",
          }
        }
      >
        399,334
      </div>
      <div
        className="c14"
        style={
          Object {
            "textAlign": "right",
          }
        }
      >
        0.000
        %
      </div>
      <div
        className="c13"
        style={
          Object {
            "textAlign": "right",
          }
        }
      >
        0
      </div>
      <div
        className="c13"
        style={
          Object {
            "textAlign": "right",
          }
        }
      >
        3
      </div>
    </li>
    <li
      className="c4"
      onClick={[Function]}
      onKeyDown={[Function]}
      role="link"
      tabIndex={0}
    >
      <div
        className="c5"
      >
        <div
          className="c6"
        >
          <span
            className="c7"
          >
            <svg
              aria-labelledby="ariaLabelledby"
              className="c8"
              focusable="false"
              version="1.1"
              viewBox="0 0 24 24"
              xmlns="http://www.w3.org/2000/svg"
              xmlnsXlink="http://www.w3.org/1999/xlink"
            >
              <g
                className="c9"
                fill="currentColor"
                title=""
              >
                <title>
                  
                </title>
                <g
                  className="glyph"
                  fill="currentColor"
                  transform="translate(0 0) scale(1)"
                >
                  <path
                    d="M11.5,13.940832 C9.01471863,13.940832 7,11.9261134 7,9.44083202 C7,6.95555065 9.01471863,4.94083202 11.5,4.94083202 C13.9852814,4.94083202 16,6.95555065 16,9.44083202 C16,11.9261134 13.9852814,13.940832 11.5,13.940832 Z M11.5521421,10.940832 C12.3805692,10.940832 13.0521421,10.2692591 13.0521421,9.44083202 C13.0521421,8.6124049 12.3805692,7.94083202 11.5521421,7.94083202 C10.723715,7.94083202 10.0521421,8.6124049 10.0521421,9.44083202 C10.0521421,10.2692591 10.723715,10.940832 11.5521421,10.940832 Z M8.38682576,13.9480614 C9.26316923,14.5385122 10.3188503,14.8831582 11.4550278,14.8831582 C12.5958345,14.8831582 13.6554876,14.535698 14.5339326,13.940832 L15.0304823,14.3285452 L11.4650086,17.0026504 L7.89953494,14.3285452 L8.38682576,13.9480614 Z"
                    id="get"
                  />
                </g>
              </g>
            </svg>
            GET
          </span>
          <div>
            /topics
          </div>
        </div>
        <div
          className="c10"
        >
          <div
            className="c15"
            width={0}
          />
        </div>
      </div>
      <div
        className="c12"
      >
        <svg
          preserveAspectRatio="xMaxYMin"
          style={undefined}
          viewBox="0 0 240 32"
        >
          <g>
            <circle
              cx={2}
              cy={29.999999999999996}
              onClick={[Function]}
              onMouseEnter={[Function]}
              r={2}
              style={
                Object {
                  "fill": "none",
                  "fillOpacity": ".1",
                  "pointerEvents": "auto",
                  "stroke": "currentColor",
                  "strokeWidth": "0",
                }
              }
            />
            <circle
              cx={80.66666666666667}
              cy={29.442675159235666}
              onClick={[Function]}
              onMouseEnter={[Function]}
              r={2}
              style={
                Object {
                  "fill": "none",
                  "fillOpacity": ".1",
                  "pointerEvents": "auto",
                  "stroke": "currentColor",
                  "strokeWidth": "0",
                }
              }
            />
            <circle
              cx={159.33333333333334}
              cy={20.4140127388535}
              onClick={[Function]}
              onMouseEnter={[Function]}
              r={2}
              style={
                Object {
                  "fill": "none",
                  "fillOpacity": ".1",
                  "pointerEvents": "auto",
                  "stroke": "currentColor",
                  "strokeWidth": "0",
                }
              }
            />
            <circle
              cx={238}
              cy={2}
              onClick={[Function]}
              onMouseEnter={[Function]}
              r={2}
              style={
                Object {
                  "fill": "none",
                  "fillOpacity": ".1",
                  "pointerEvents": "auto",
                  "stroke": "currentColor",
                  "strokeWidth": "0",
                }
              }
            />
            <polyline
              points="2 29.999999999999996 80.66666666666667 29.442675159235666 159.33333333333334 20.4140127388535 238 2 238 30 2 30 2 29.999999999999996"
              style={
                Object {
                  "fill": "none",
                  "fillOpacity": ".1",
                  "pointerEvents": "auto",
                  "stroke": "currentColor",
                  "strokeWidth": "0",
                }
              }
            />
            <polyline
              points="2 29.999999999999996 80.66666666666667 29.442675159235666 159.33333333333334 20.4140127388535 238 2"
              style={
                Object {
                  "fill": "none",
                  "stroke": "currentColor",
                  "strokeLinecap": "round",
                  "strokeLinejoin": "round",
                  "strokeWidth": 1,
                }
              }
            />
          </g>
          <line
            style={
              Object {
                "opacity": "0.4",
                "stroke": "grey",
              }
            }
            x1={2}
            x2={238}
            y1={22.46417197452229}
            y2={22.46417197452229}
          />
        </svg>
      </div>
      <div
        className="c13"
        style={
          Object {
            "textAlign": "right",
          }
        }
      >
        0
      </div>
      <div
        className="c14"
        style={
          Object {
            "textAlign": "right",
          }
        }
      >
        0.000
        %
      </div>
      <div
        className="c13"
        style={
          Object {
            "textAlign": "right",
          }
        }
      >
        0
      </div>
      <div
        className="c13"
        style={
          Object {
            "textAlign": "right",
          }
        }
      >
        0
      </div>
    </li>
  </ol>
</div>
`;
