// Jest Snapshot v1, https://goo.gl/fbAQLP

exports[`Table component matches snapshot 1`] = `
<div
  className="sc-kpOJdX iDOOel"
>
  <div
    className="sc-dxgOiQ eMxRXt"
  >
    <div
      className="sc-jKJlTe fCVWfW"
      style={
        Object {
          "flex": "1 1 20%",
        }
      }
    >
      Route
    </div>
    <div
      className="sc-jKJlTe fCVWfW"
      style={Object {}}
    >
      Requests/sec
    </div>
    <div
      className="sc-jKJlTe fCVWfW"
      style={
        Object {
          "textAlign": "right",
        }
      }
    >
      Requests
    </div>
    <div
      className="sc-jKJlTe fCVWfW"
      style={
        Object {
          "textAlign": "right",
        }
      }
    >
      Error %
    </div>
    <div
      className="sc-jKJlTe fCVWfW"
      style={
        Object {
          "textAlign": "right",
        }
      }
    >
      Latency 50%
    </div>
    <div
      className="sc-jKJlTe fCVWfW"
      style={
        Object {
          "textAlign": "right",
        }
      }
    >
      Latency 99%
    </div>
  </div>
  <ol
    className="sc-ckVGcZ fBDfui"
  >
    <li
      className="sc-iwsKbI dLYrzy"
      onClick={[Function]}
      onKeyDown={[Function]}
      role="link"
      tabIndex={0}
    >
      <div
        className="sc-gqjmRU iDjtew"
      >
        <div
          className="sc-kAzzGY jwHwft"
        >
          <span
            className="sc-cSHVUG jAqXzX"
          >
            <svg
              aria-labelledby="ariaLabelledby"
              className="sc-dnqmqq fEBdoQ"
              focusable="false"
              version="1.1"
              viewBox="0 0 24 24"
              xmlns="http://www.w3.org/2000/svg"
              xmlnsXlink="http://www.w3.org/1999/xlink"
            >
              <g
                className="sc-htoDjs kAQDYI"
                fill="currentColor"
                title=""
              >
                <title>
                  
                </title>
                <g
                  className="glyph"
                  fill="currentColor"
                  transform="translate(0 0) scale(1)"
                >
                  <path
                    d="M11.5,13.940832 C9.01471863,13.940832 7,11.9261134 7,9.44083202 C7,6.95555065 9.01471863,4.94083202 11.5,4.94083202 C13.9852814,4.94083202 16,6.95555065 16,9.44083202 C16,11.9261134 13.9852814,13.940832 11.5,13.940832 Z M11.5521421,10.940832 C12.3805692,10.940832 13.0521421,10.2692591 13.0521421,9.44083202 C13.0521421,8.6124049 12.3805692,7.94083202 11.5521421,7.94083202 C10.723715,7.94083202 10.0521421,8.6124049 10.0521421,9.44083202 C10.0521421,10.2692591 10.723715,10.940832 11.5521421,10.940832 Z M8.38682576,13.9480614 C9.26316923,14.5385122 10.3188503,14.8831582 11.4550278,14.8831582 C12.5958345,14.8831582 13.6554876,14.535698 14.5339326,13.940832 L15.0304823,14.3285452 L11.4650086,17.0026504 L7.89953494,14.3285452 L8.38682576,13.9480614 Z"
                    id="get"
                  />
                </g>
              </g>
            </svg>
            GET
          </span>
          <div>
            /categories
          </div>
        </div>
        <div
          className="sc-fjdhpX enphkh"
        >
          <div
            className="sc-jzJRlG hdTTKB"
            width={100}
          />
        </div>
      </div>
      <div
        className="sc-VigVT fKpGKu"
      >
        <svg
          preserveAspectRatio="xMaxYMin"
          style={undefined}
          viewBox="0 0 240 32"
        >
          <g>
            <circle
              cx={2}
              cy={29.999999999999996}
              onClick={[Function]}
              onMouseEnter={[Function]}
              r={2}
              style={
                Object {
                  "fill": "none",
                  "fillOpacity": ".1",
                  "pointerEvents": "auto",
                  "stroke": "currentColor",
                  "strokeWidth": "0",
                }
              }
            />
            <circle
              cx={80.66666666666667}
              cy={29.442675159235666}
              onClick={[Function]}
              onMouseEnter={[Function]}
              r={2}
              style={
                Object {
                  "fill": "none",
                  "fillOpacity": ".1",
                  "pointerEvents": "auto",
                  "stroke": "currentColor",
                  "strokeWidth": "0",
                }
              }
            />
            <circle
              cx={159.33333333333334}
              cy={20.4140127388535}
              onClick={[Function]}
              onMouseEnter={[Function]}
              r={2}
              style={
                Object {
                  "fill": "none",
                  "fillOpacity": ".1",
                  "pointerEvents": "auto",
                  "stroke": "currentColor",
                  "strokeWidth": "0",
                }
              }
            />
            <circle
              cx={238}
              cy={2}
              onClick={[Function]}
              onMouseEnter={[Function]}
              r={2}
              style={
                Object {
                  "fill": "none",
                  "fillOpacity": ".1",
                  "pointerEvents": "auto",
                  "stroke": "currentColor",
                  "strokeWidth": "0",
                }
              }
            />
            <polyline
              points="2 29.999999999999996 80.66666666666667 29.442675159235666 159.33333333333334 20.4140127388535 238 2 238 30 2 30 2 29.999999999999996"
              style={
                Object {
                  "fill": "none",
                  "fillOpacity": ".1",
                  "pointerEvents": "auto",
                  "stroke": "currentColor",
                  "strokeWidth": "0",
                }
              }
            />
            <polyline
              points="2 29.999999999999996 80.66666666666667 29.442675159235666 159.33333333333334 20.4140127388535 238 2"
              style={
                Object {
                  "fill": "none",
                  "stroke": "currentColor",
                  "strokeLinecap": "round",
                  "strokeLinejoin": "round",
                  "strokeWidth": 1,
                }
              }
            />
          </g>
          <line
            style={
              Object {
                "opacity": "0.4",
                "stroke": "grey",
              }
            }
            x1={2}
            x2={238}
            y1={22.46417197452229}
            y2={22.46417197452229}
          />
        </svg>
      </div>
      <div
        className="sc-gZMcBi eruWrD"
        style={
          Object {
            "textAlign": "right",
          }
        }
      >
        399,334
      </div>
      <div
        className="sc-gZMcBi gFwTHf"
        style={
          Object {
            "textAlign": "right",
          }
        }
      >
        0.000
        %
      </div>
      <div
        className="sc-gZMcBi eruWrD"
        style={
          Object {
            "textAlign": "right",
          }
        }
      >
        0
      </div>
      <div
        className="sc-gZMcBi eruWrD"
        style={
          Object {
            "textAlign": "right",
          }
        }
      >
        3
      </div>
    </li>
    <li
      className="sc-iwsKbI dLYrzy"
      onClick={[Function]}
      onKeyDown={[Function]}
      role="link"
      tabIndex={0}
    >
      <div
        className="sc-gqjmRU iDjtew"
      >
        <div
          className="sc-kAzzGY jwHwft"
        >
          <span
            className="sc-cSHVUG jAqXzX"
          >
            <svg
              aria-labelledby="ariaLabelledby"
              className="sc-dnqmqq fEBdoQ"
              focusable="false"
              version="1.1"
              viewBox="0 0 24 24"
              xmlns="http://www.w3.org/2000/svg"
              xmlnsXlink="http://www.w3.org/1999/xlink"
            >
              <g
                className="sc-htoDjs kAQDYI"
                fill="currentColor"
                title=""
              >
                <title>
                  
                </title>
                <g
                  className="glyph"
                  fill="currentColor"
                  transform="translate(0 0) scale(1)"
                >
                  <path
                    d="M11.5,13.940832 C9.01471863,13.940832 7,11.9261134 7,9.44083202 C7,6.95555065 9.01471863,4.94083202 11.5,4.94083202 C13.9852814,4.94083202 16,6.95555065 16,9.44083202 C16,11.9261134 13.9852814,13.940832 11.5,13.940832 Z M11.5521421,10.940832 C12.3805692,10.940832 13.0521421,10.2692591 13.0521421,9.44083202 C13.0521421,8.6124049 12.3805692,7.94083202 11.5521421,7.94083202 C10.723715,7.94083202 10.0521421,8.6124049 10.0521421,9.44083202 C10.0521421,10.2692591 10.723715,10.940832 11.5521421,10.940832 Z M8.38682576,13.9480614 C9.26316923,14.5385122 10.3188503,14.8831582 11.4550278,14.8831582 C12.5958345,14.8831582 13.6554876,14.535698 14.5339326,13.940832 L15.0304823,14.3285452 L11.4650086,17.0026504 L7.89953494,14.3285452 L8.38682576,13.9480614 Z"
                    id="get"
                  />
                </g>
              </g>
            </svg>
            GET
          </span>
          <div>
            /topics
          </div>
        </div>
        <div
          className="sc-fjdhpX enphkh"
        >
          <div
            className="sc-jzJRlG hJxLYA"
            width={0}
          />
        </div>
      </div>
      <div
        className="sc-VigVT fKpGKu"
      >
        <svg
          preserveAspectRatio="xMaxYMin"
          style={undefined}
          viewBox="0 0 240 32"
        >
          <g>
            <circle
              cx={2}
              cy={29.999999999999996}
              onClick={[Function]}
              onMouseEnter={[Function]}
              r={2}
              style={
                Object {
                  "fill": "none",
                  "fillOpacity": ".1",
                  "pointerEvents": "auto",
                  "stroke": "currentColor",
                  "strokeWidth": "0",
                }
              }
            />
            <circle
              cx={80.66666666666667}
              cy={29.442675159235666}
              onClick={[Function]}
              onMouseEnter={[Function]}
              r={2}
              style={
                Object {
                  "fill": "none",
                  "fillOpacity": ".1",
                  "pointerEvents": "auto",
                  "stroke": "currentColor",
                  "strokeWidth": "0",
                }
              }
            />
            <circle
              cx={159.33333333333334}
              cy={20.4140127388535}
              onClick={[Function]}
              onMouseEnter={[Function]}
              r={2}
              style={
                Object {
                  "fill": "none",
                  "fillOpacity": ".1",
                  "pointerEvents": "auto",
                  "stroke": "currentColor",
                  "strokeWidth": "0",
                }
              }
            />
            <circle
              cx={238}
              cy={2}
              onClick={[Function]}
              onMouseEnter={[Function]}
              r={2}
              style={
                Object {
                  "fill": "none",
                  "fillOpacity": ".1",
                  "pointerEvents": "auto",
                  "stroke": "currentColor",
                  "strokeWidth": "0",
                }
              }
            />
            <polyline
              points="2 29.999999999999996 80.66666666666667 29.442675159235666 159.33333333333334 20.4140127388535 238 2 238 30 2 30 2 29.999999999999996"
              style={
                Object {
                  "fill": "none",
                  "fillOpacity": ".1",
                  "pointerEvents": "auto",
                  "stroke": "currentColor",
                  "strokeWidth": "0",
                }
              }
            />
            <polyline
              points="2 29.999999999999996 80.66666666666667 29.442675159235666 159.33333333333334 20.4140127388535 238 2"
              style={
                Object {
                  "fill": "none",
                  "stroke": "currentColor",
                  "strokeLinecap": "round",
                  "strokeLinejoin": "round",
                  "strokeWidth": 1,
                }
              }
            />
          </g>
          <line
            style={
              Object {
                "opacity": "0.4",
                "stroke": "grey",
              }
            }
            x1={2}
            x2={238}
            y1={22.46417197452229}
            y2={22.46417197452229}
          />
        </svg>
      </div>
      <div
        className="sc-gZMcBi eruWrD"
        style={
          Object {
            "textAlign": "right",
          }
        }
      >
        0
      </div>
      <div
        className="sc-gZMcBi gFwTHf"
        style={
          Object {
            "textAlign": "right",
          }
        }
      >
        0.000
        %
      </div>
      <div
        className="sc-gZMcBi eruWrD"
        style={
          Object {
            "textAlign": "right",
          }
        }
      >
        0
      </div>
      <div
        className="sc-gZMcBi eruWrD"
        style={
          Object {
            "textAlign": "right",
          }
        }
      >
        0
      </div>
    </li>
  </ol>
</div>
`;
