// Jest Snapshot v1, https://goo.gl/fbAQLP

exports[`ThreadsTableToolbar component Matches the snapshot 1`] = `
<div
  className="sc-iwsKbI ciYlsK"
>
  <div
    className="sc-gZMcBi kaHcTN"
  >
    <div
      className="sc-dnqmqq ksISNG"
    >
      <button
        className="btn"
        disabled={false}
        onClick={[Function]}
        style={undefined}
        tabIndex={0}
        title="All Threads"
      >
        <span
          className="label"
        >
          
          All Threads
          <span
            className="label-suffix"
          >
            40
          </span>
        </span>
      </button>
      <button
        className="btn active"
        disabled={false}
        onClick={[Function]}
        style={undefined}
        tabIndex={0}
        title="Active"
      >
        <span
          className="label"
        >
          
          Active
          <span
            className="label-suffix"
          >
            17
          </span>
        </span>
      </button>
      <button
        className="btn"
        disabled={false}
        onClick={[Function]}
        style={undefined}
        tabIndex={0}
        title="Idle"
      >
        <span
          className="label"
        >
          
          Idle
          <span
            className="label-suffix"
          >
            8
          </span>
        </span>
      </button>
      <button
        className="btn"
        disabled={false}
        onClick={[Function]}
        style={undefined}
        tabIndex={0}
        title="Stopped"
      >
        <span
          className="label"
        >
          
          Stopped
          <span
            className="label-suffix"
          >
            25
          </span>
        </span>
      </button>
    </div>
  </div>
</div>
`;
