// Jest Snapshot v1, https://goo.gl/fbAQLP

exports[`Explorer View matches snapshot 1`] = `
<div
  className="sc-iwsKbI exSmPK"
>
  <div
    className="sc-gZMcBi hsSIGM"
  >
    <div
      className="inspector"
    >
      <div
        className="inspector-toolbar"
      >
        <input
          aria-label="Search All Metrics"
          className="inspector-search"
          onChange={[Function]}
          placeholder="Search"
          type="search"
          value=""
        />
      </div>
      <ul
        className="inspector-data"
      >
        <li
          className="inspector-item "
          onClick={[Function]}
          onKeyDown={[Function]}
          tabIndex="0"
        >
          finagle/build/revision
        </li>
        <li
          className="inspector-item "
          onClick={[Function]}
          onKeyDown={[Function]}
          tabIndex="0"
        >
          finagle/clientregistry/initialresolution_ms
        </li>
        <li
          className="inspector-item "
          onClick={[Function]}
          onKeyDown={[Function]}
          tabIndex="0"
        >
          finagle/clientregistry/size
        </li>
        <li
          className="inspector-item "
          onClick={[Function]}
          onKeyDown={[Function]}
          tabIndex="0"
        >
          finagle/future_pool/active_tasks
        </li>
        <li
          className="inspector-item "
          onClick={[Function]}
          onKeyDown={[Function]}
          tabIndex="0"
        >
          finagle/future_pool/completed_tasks
        </li>
        <li
          className="inspector-item "
          onClick={[Function]}
          onKeyDown={[Function]}
          tabIndex="0"
        >
          finagle/future_pool/pool_size
        </li>
        <li
          className="inspector-item "
          onClick={[Function]}
          onKeyDown={[Function]}
          tabIndex="0"
        >
          finagle/timer/deviation_ms.avg
        </li>
        <li
          className="inspector-item "
          onClick={[Function]}
          onKeyDown={[Function]}
          tabIndex="0"
        >
          finagle/timer/deviation_ms.count
        </li>
        <li
          className="inspector-item "
          onClick={[Function]}
          onKeyDown={[Function]}
          tabIndex="0"
        >
          finagle/timer/deviation_ms.max
        </li>
        <li
          className="inspector-item "
          onClick={[Function]}
          onKeyDown={[Function]}
          tabIndex="0"
        >
          finagle/timer/deviation_ms.min
        </li>
        <li
          className="inspector-item "
          onClick={[Function]}
          onKeyDown={[Function]}
          tabIndex="0"
        >
          finagle/timer/deviation_ms.p50
        </li>
        <li
          className="inspector-item "
          onClick={[Function]}
          onKeyDown={[Function]}
          tabIndex="0"
        >
          finagle/timer/deviation_ms.p90
        </li>
        <li
          className="inspector-item "
          onClick={[Function]}
          onKeyDown={[Function]}
          tabIndex="0"
        >
          finagle/timer/deviation_ms.p95
        </li>
        <li
          className="inspector-item "
          onClick={[Function]}
          onKeyDown={[Function]}
          tabIndex="0"
        >
          finagle/timer/deviation_ms.p99
        </li>
        <li
          className="inspector-item "
          onClick={[Function]}
          onKeyDown={[Function]}
          tabIndex="0"
        >
          finagle/timer/deviation_ms.p9990
        </li>
        <li
          className="inspector-item "
          onClick={[Function]}
          onKeyDown={[Function]}
          tabIndex="0"
        >
          finagle/timer/deviation_ms.p9999
        </li>
        <li
          className="inspector-item "
          onClick={[Function]}
          onKeyDown={[Function]}
          tabIndex="0"
        >
          finagle/timer/deviation_ms.sum
        </li>
        <li
          className="inspector-item "
          onClick={[Function]}
          onKeyDown={[Function]}
          tabIndex="0"
        >
          finagle/timer/pending_tasks.avg
        </li>
        <li
          className="inspector-item "
          onClick={[Function]}
          onKeyDown={[Function]}
          tabIndex="0"
        >
          finagle/timer/pending_tasks.count
        </li>
        <li
          className="inspector-item "
          onClick={[Function]}
          onKeyDown={[Function]}
          tabIndex="0"
        >
          finagle/timer/pending_tasks.max
        </li>
        <li
          className="inspector-item "
          onClick={[Function]}
          onKeyDown={[Function]}
          tabIndex="0"
        >
          finagle/timer/pending_tasks.min
        </li>
        <li
          className="inspector-item "
          onClick={[Function]}
          onKeyDown={[Function]}
          tabIndex="0"
        >
          finagle/timer/pending_tasks.p50
        </li>
        <li
          className="inspector-item "
          onClick={[Function]}
          onKeyDown={[Function]}
          tabIndex="0"
        >
          finagle/timer/pending_tasks.p90
        </li>
        <li
          className="inspector-item "
          onClick={[Function]}
          onKeyDown={[Function]}
          tabIndex="0"
        >
          finagle/timer/pending_tasks.p95
        </li>
        <li
          className="inspector-item "
          onClick={[Function]}
          onKeyDown={[Function]}
          tabIndex="0"
        >
          finagle/timer/pending_tasks.p99
        </li>
        <li
          className="inspector-item "
          onClick={[Function]}
          onKeyDown={[Function]}
          tabIndex="0"
        >
          finagle/timer/pending_tasks.p9990
        </li>
        <li
          className="inspector-item "
          onClick={[Function]}
          onKeyDown={[Function]}
          tabIndex="0"
        >
          finagle/timer/pending_tasks.p9999
        </li>
        <li
          className="inspector-item "
          onClick={[Function]}
          onKeyDown={[Function]}
          tabIndex="0"
        >
          finagle/timer/pending_tasks.sum
        </li>
        <li
          className="inspector-item "
          onClick={[Function]}
          onKeyDown={[Function]}
          tabIndex="0"
        >
          function/CatalogStream/errors.count
        </li>
        <li
          className="inspector-item "
          onClick={[Function]}
          onKeyDown={[Function]}
          tabIndex="0"
        >
          function/CatalogStream/in_throughput
        </li>
        <li
          className="inspector-item "
          onClick={[Function]}
          onKeyDown={[Function]}
          tabIndex="0"
        >
          function/CatalogStream/latency_ms.avg
        </li>
        <li
          className="inspector-item "
          onClick={[Function]}
          onKeyDown={[Function]}
          tabIndex="0"
        >
          function/CatalogStream/latency_ms.count
        </li>
        <li
          className="inspector-item "
          onClick={[Function]}
          onKeyDown={[Function]}
          tabIndex="0"
        >
          function/CatalogStream/latency_ms.max
        </li>
        <li
          className="inspector-item "
          onClick={[Function]}
          onKeyDown={[Function]}
          tabIndex="0"
        >
          function/CatalogStream/latency_ms.min
        </li>
        <li
          className="inspector-item "
          onClick={[Function]}
          onKeyDown={[Function]}
          tabIndex="0"
        >
          function/CatalogStream/latency_ms.p50
        </li>
        <li
          className="inspector-item "
          onClick={[Function]}
          onKeyDown={[Function]}
          tabIndex="0"
        >
          function/CatalogStream/latency_ms.p90
        </li>
        <li
          className="inspector-item "
          onClick={[Function]}
          onKeyDown={[Function]}
          tabIndex="0"
        >
          function/CatalogStream/latency_ms.p95
        </li>
        <li
          className="inspector-item "
          onClick={[Function]}
          onKeyDown={[Function]}
          tabIndex="0"
        >
          function/CatalogStream/latency_ms.p99
        </li>
        <li
          className="inspector-item "
          onClick={[Function]}
          onKeyDown={[Function]}
          tabIndex="0"
        >
          function/CatalogStream/latency_ms.p9990
        </li>
        <li
          className="inspector-item "
          onClick={[Function]}
          onKeyDown={[Function]}
          tabIndex="0"
        >
          function/CatalogStream/latency_ms.p9999
        </li>
        <li
          className="inspector-item "
          onClick={[Function]}
          onKeyDown={[Function]}
          tabIndex="0"
        >
          function/CatalogStream/latency_ms.sum
        </li>
        <li
          className="inspector-item "
          onClick={[Function]}
          onKeyDown={[Function]}
          tabIndex="0"
        >
          function/CatalogStream/out_throughput
        </li>
        <li
          className="inspector-item "
          onClick={[Function]}
          onKeyDown={[Function]}
          tabIndex="0"
        >
          function/CatalogStream/requests
        </li>
        <li
          className="inspector-item "
          onClick={[Function]}
          onKeyDown={[Function]}
          tabIndex="0"
        >
          function/OrderItem/errors.count
        </li>
        <li
          className="inspector-item "
          onClick={[Function]}
          onKeyDown={[Function]}
          tabIndex="0"
        >
          function/OrderItem/in_throughput
        </li>
        <li
          className="inspector-item "
          onClick={[Function]}
          onKeyDown={[Function]}
          tabIndex="0"
        >
          function/OrderItem/latency_ms.avg
        </li>
        <li
          className="inspector-item "
          onClick={[Function]}
          onKeyDown={[Function]}
          tabIndex="0"
        >
          function/OrderItem/latency_ms.count
        </li>
        <li
          className="inspector-item "
          onClick={[Function]}
          onKeyDown={[Function]}
          tabIndex="0"
        >
          function/OrderItem/latency_ms.max
        </li>
        <li
          className="inspector-item "
          onClick={[Function]}
          onKeyDown={[Function]}
          tabIndex="0"
        >
          function/OrderItem/latency_ms.min
        </li>
        <li
          className="inspector-item "
          onClick={[Function]}
          onKeyDown={[Function]}
          tabIndex="0"
        >
          function/OrderItem/latency_ms.p50
        </li>
        <li
          className="inspector-item "
          onClick={[Function]}
          onKeyDown={[Function]}
          tabIndex="0"
        >
          function/OrderItem/latency_ms.p90
        </li>
        <li
          className="inspector-item "
          onClick={[Function]}
          onKeyDown={[Function]}
          tabIndex="0"
        >
          function/OrderItem/latency_ms.p95
        </li>
        <li
          className="inspector-item "
          onClick={[Function]}
          onKeyDown={[Function]}
          tabIndex="0"
        >
          function/OrderItem/latency_ms.p99
        </li>
        <li
          className="inspector-item "
          onClick={[Function]}
          onKeyDown={[Function]}
          tabIndex="0"
        >
          function/OrderItem/latency_ms.p9990
        </li>
        <li
          className="inspector-item "
          onClick={[Function]}
          onKeyDown={[Function]}
          tabIndex="0"
        >
          function/OrderItem/latency_ms.p9999
        </li>
        <li
          className="inspector-item "
          onClick={[Function]}
          onKeyDown={[Function]}
          tabIndex="0"
        >
          function/OrderItem/latency_ms.sum
        </li>
        <li
          className="inspector-item "
          onClick={[Function]}
          onKeyDown={[Function]}
          tabIndex="0"
        >
          function/OrderItem/out_throughput
        </li>
        <li
          className="inspector-item "
          onClick={[Function]}
          onKeyDown={[Function]}
          tabIndex="0"
        >
          function/OrderItem/requests
        </li>
        <li
          className="inspector-item "
          onClick={[Function]}
          onKeyDown={[Function]}
          tabIndex="0"
        >
          http/closes
        </li>
        <li
          className="inspector-item "
          onClick={[Function]}
          onKeyDown={[Function]}
          tabIndex="0"
        >
          http/connection_duration.count
        </li>
        <li
          className="inspector-item "
          onClick={[Function]}
          onKeyDown={[Function]}
          tabIndex="0"
        >
          http/connection_received_bytes.count
        </li>
        <li
          className="inspector-item "
          onClick={[Function]}
          onKeyDown={[Function]}
          tabIndex="0"
        >
          http/connection_requests.count
        </li>
        <li
          className="inspector-item "
          onClick={[Function]}
          onKeyDown={[Function]}
          tabIndex="0"
        >
          http/connection_sent_bytes.count
        </li>
        <li
          className="inspector-item "
          onClick={[Function]}
          onKeyDown={[Function]}
          tabIndex="0"
        >
          http/connections
        </li>
        <li
          className="inspector-item "
          onClick={[Function]}
          onKeyDown={[Function]}
          tabIndex="0"
        >
          http/connects
        </li>
        <li
          className="inspector-item "
          onClick={[Function]}
          onKeyDown={[Function]}
          tabIndex="0"
        >
          http/dtab/size.count
        </li>
        <li
          className="inspector-item "
          onClick={[Function]}
          onKeyDown={[Function]}
          tabIndex="0"
        >
          http/handletime_us.count
        </li>
        <li
          className="inspector-item "
          onClick={[Function]}
          onKeyDown={[Function]}
          tabIndex="0"
        >
          http/nacks
        </li>
        <li
          className="inspector-item "
          onClick={[Function]}
          onKeyDown={[Function]}
          tabIndex="0"
        >
          http/nonretryable_nacks
        </li>
        <li
          className="inspector-item "
          onClick={[Function]}
          onKeyDown={[Function]}
          tabIndex="0"
        >
          http/pending
        </li>
        <li
          className="inspector-item "
          onClick={[Function]}
          onKeyDown={[Function]}
          tabIndex="0"
        >
          http/read_timeout
        </li>
        <li
          className="inspector-item "
          onClick={[Function]}
          onKeyDown={[Function]}
          tabIndex="0"
        >
          http/received_bytes
        </li>
        <li
          className="inspector-item "
          onClick={[Function]}
          onKeyDown={[Function]}
          tabIndex="0"
        >
          http/request_latency_ms.count
        </li>
        <li
          className="inspector-item "
          onClick={[Function]}
          onKeyDown={[Function]}
          tabIndex="0"
        >
          http/request_payload_bytes.count
        </li>
        <li
          className="inspector-item "
          onClick={[Function]}
          onKeyDown={[Function]}
          tabIndex="0"
        >
          http/requests
        </li>
        <li
          className="inspector-item "
          onClick={[Function]}
          onKeyDown={[Function]}
          tabIndex="0"
        >
          http/response_payload_bytes.count
        </li>
        <li
          className="inspector-item "
          onClick={[Function]}
          onKeyDown={[Function]}
          tabIndex="0"
        >
          http/sent_bytes
        </li>
        <li
          className="inspector-item "
          onClick={[Function]}
          onKeyDown={[Function]}
          tabIndex="0"
        >
          http/socket_unwritable_ms
        </li>
        <li
          className="inspector-item "
          onClick={[Function]}
          onKeyDown={[Function]}
          tabIndex="0"
        >
          http/socket_writable_ms
        </li>
        <li
          className="inspector-item "
          onClick={[Function]}
          onKeyDown={[Function]}
          tabIndex="0"
        >
          http/success
        </li>
        <li
          className="inspector-item "
          onClick={[Function]}
          onKeyDown={[Function]}
          tabIndex="0"
        >
          http/transit_latency_ms.count
        </li>
        <li
          className="inspector-item "
          onClick={[Function]}
          onKeyDown={[Function]}
          tabIndex="0"
        >
          http/write_timeout
        </li>
        <li
          className="inspector-item "
          onClick={[Function]}
          onKeyDown={[Function]}
          tabIndex="0"
        >
          jvm/application_time_millis
        </li>
        <li
          className="inspector-item "
          onClick={[Function]}
          onKeyDown={[Function]}
          tabIndex="0"
        >
          jvm/classes/current_loaded
        </li>
        <li
          className="inspector-item "
          onClick={[Function]}
          onKeyDown={[Function]}
          tabIndex="0"
        >
          jvm/classes/total_loaded
        </li>
        <li
          className="inspector-item "
          onClick={[Function]}
          onKeyDown={[Function]}
          tabIndex="0"
        >
          jvm/classes/total_unloaded
        </li>
        <li
          className="inspector-item "
          onClick={[Function]}
          onKeyDown={[Function]}
          tabIndex="0"
        >
          jvm/compilation/time_msec
        </li>
        <li
          className="inspector-item "
          onClick={[Function]}
          onKeyDown={[Function]}
          tabIndex="0"
        >
          jvm/fd_count
        </li>
        <li
          className="inspector-item "
          onClick={[Function]}
          onKeyDown={[Function]}
          tabIndex="0"
        >
          jvm/fd_limit
        </li>
        <li
          className="inspector-item "
          onClick={[Function]}
          onKeyDown={[Function]}
          tabIndex="0"
        >
          jvm/gc/PS_MarkSweep/cycles
        </li>
        <li
          className="inspector-item "
          onClick={[Function]}
          onKeyDown={[Function]}
          tabIndex="0"
        >
          jvm/gc/PS_MarkSweep/msec
        </li>
        <li
          className="inspector-item "
          onClick={[Function]}
          onKeyDown={[Function]}
          tabIndex="0"
        >
          jvm/gc/PS_Scavenge/cycles
        </li>
        <li
          className="inspector-item "
          onClick={[Function]}
          onKeyDown={[Function]}
          tabIndex="0"
        >
          jvm/gc/PS_Scavenge/msec
        </li>
        <li
          className="inspector-item "
          onClick={[Function]}
          onKeyDown={[Function]}
          tabIndex="0"
        >
          jvm/gc/cycles
        </li>
        <li
          className="inspector-item "
          onClick={[Function]}
          onKeyDown={[Function]}
          tabIndex="0"
        >
          jvm/gc/eden/pause_msec.count
        </li>
        <li
          className="inspector-item "
          onClick={[Function]}
          onKeyDown={[Function]}
          tabIndex="0"
        >
          jvm/gc/msec
        </li>
        <li
          className="inspector-item "
          onClick={[Function]}
          onKeyDown={[Function]}
          tabIndex="0"
        >
          jvm/heap/committed
        </li>
        <li
          className="inspector-item "
          onClick={[Function]}
          onKeyDown={[Function]}
          tabIndex="0"
        >
          jvm/heap/max
        </li>
        <li
          className="inspector-item "
          onClick={[Function]}
          onKeyDown={[Function]}
          tabIndex="0"
        >
          jvm/heap/used
        </li>
        <li
          className="inspector-item "
          onClick={[Function]}
          onKeyDown={[Function]}
          tabIndex="0"
        >
          jvm/mem/allocations/eden/bytes
        </li>
        <li
          className="inspector-item "
          onClick={[Function]}
          onKeyDown={[Function]}
          tabIndex="0"
        >
          jvm/mem/buffer/direct/count
        </li>
        <li
          className="inspector-item "
          onClick={[Function]}
          onKeyDown={[Function]}
          tabIndex="0"
        >
          jvm/mem/buffer/direct/max
        </li>
        <li
          className="inspector-item "
          onClick={[Function]}
          onKeyDown={[Function]}
          tabIndex="0"
        >
          jvm/mem/buffer/direct/used
        </li>
        <li
          className="inspector-item "
          onClick={[Function]}
          onKeyDown={[Function]}
          tabIndex="0"
        >
          jvm/mem/buffer/mapped/count
        </li>
        <li
          className="inspector-item "
          onClick={[Function]}
          onKeyDown={[Function]}
          tabIndex="0"
        >
          jvm/mem/buffer/mapped/max
        </li>
        <li
          className="inspector-item "
          onClick={[Function]}
          onKeyDown={[Function]}
          tabIndex="0"
        >
          jvm/mem/buffer/mapped/used
        </li>
        <li
          className="inspector-item "
          onClick={[Function]}
          onKeyDown={[Function]}
          tabIndex="0"
        >
          jvm/mem/current/Code_Cache/max
        </li>
        <li
          className="inspector-item "
          onClick={[Function]}
          onKeyDown={[Function]}
          tabIndex="0"
        >
          jvm/mem/current/Code_Cache/used
        </li>
        <li
          className="inspector-item "
          onClick={[Function]}
          onKeyDown={[Function]}
          tabIndex="0"
        >
          jvm/mem/current/Compressed_Class_Space/max
        </li>
        <li
          className="inspector-item "
          onClick={[Function]}
          onKeyDown={[Function]}
          tabIndex="0"
        >
          jvm/mem/current/Compressed_Class_Space/used
        </li>
        <li
          className="inspector-item "
          onClick={[Function]}
          onKeyDown={[Function]}
          tabIndex="0"
        >
          jvm/mem/current/Metaspace/max
        </li>
        <li
          className="inspector-item "
          onClick={[Function]}
          onKeyDown={[Function]}
          tabIndex="0"
        >
          jvm/mem/current/Metaspace/used
        </li>
        <li
          className="inspector-item "
          onClick={[Function]}
          onKeyDown={[Function]}
          tabIndex="0"
        >
          jvm/mem/current/PS_Eden_Space/max
        </li>
        <li
          className="inspector-item "
          onClick={[Function]}
          onKeyDown={[Function]}
          tabIndex="0"
        >
          jvm/mem/current/PS_Eden_Space/used
        </li>
        <li
          className="inspector-item "
          onClick={[Function]}
          onKeyDown={[Function]}
          tabIndex="0"
        >
          jvm/mem/current/PS_Old_Gen/max
        </li>
        <li
          className="inspector-item "
          onClick={[Function]}
          onKeyDown={[Function]}
          tabIndex="0"
        >
          jvm/mem/current/PS_Old_Gen/used
        </li>
        <li
          className="inspector-item "
          onClick={[Function]}
          onKeyDown={[Function]}
          tabIndex="0"
        >
          jvm/mem/current/PS_Survivor_Space/max
        </li>
        <li
          className="inspector-item "
          onClick={[Function]}
          onKeyDown={[Function]}
          tabIndex="0"
        >
          jvm/mem/current/PS_Survivor_Space/used
        </li>
        <li
          className="inspector-item "
          onClick={[Function]}
          onKeyDown={[Function]}
          tabIndex="0"
        >
          jvm/mem/current/used
        </li>
        <li
          className="inspector-item "
          onClick={[Function]}
          onKeyDown={[Function]}
          tabIndex="0"
        >
          jvm/mem/metaspace/max_capacity
        </li>
        <li
          className="inspector-item "
          onClick={[Function]}
          onKeyDown={[Function]}
          tabIndex="0"
        >
          jvm/mem/postGC/PS_Eden_Space/max
        </li>
        <li
          className="inspector-item "
          onClick={[Function]}
          onKeyDown={[Function]}
          tabIndex="0"
        >
          jvm/mem/postGC/PS_Eden_Space/used
        </li>
        <li
          className="inspector-item "
          onClick={[Function]}
          onKeyDown={[Function]}
          tabIndex="0"
        >
          jvm/mem/postGC/PS_Old_Gen/max
        </li>
        <li
          className="inspector-item "
          onClick={[Function]}
          onKeyDown={[Function]}
          tabIndex="0"
        >
          jvm/mem/postGC/PS_Old_Gen/used
        </li>
        <li
          className="inspector-item "
          onClick={[Function]}
          onKeyDown={[Function]}
          tabIndex="0"
        >
          jvm/mem/postGC/PS_Survivor_Space/max
        </li>
        <li
          className="inspector-item "
          onClick={[Function]}
          onKeyDown={[Function]}
          tabIndex="0"
        >
          jvm/mem/postGC/PS_Survivor_Space/used
        </li>
        <li
          className="inspector-item "
          onClick={[Function]}
          onKeyDown={[Function]}
          tabIndex="0"
        >
          jvm/mem/postGC/used
        </li>
        <li
          className="inspector-item "
          onClick={[Function]}
          onKeyDown={[Function]}
          tabIndex="0"
        >
          jvm/nonheap/committed
        </li>
        <li
          className="inspector-item "
          onClick={[Function]}
          onKeyDown={[Function]}
          tabIndex="0"
        >
          jvm/nonheap/max
        </li>
        <li
          className="inspector-item "
          onClick={[Function]}
          onKeyDown={[Function]}
          tabIndex="0"
        >
          jvm/nonheap/used
        </li>
        <li
          className="inspector-item "
          onClick={[Function]}
          onKeyDown={[Function]}
          tabIndex="0"
        >
          jvm/num_cpus
        </li>
        <li
          className="inspector-item "
          onClick={[Function]}
          onKeyDown={[Function]}
          tabIndex="0"
        >
          jvm/postGC/PS_Eden_Space/max
        </li>
        <li
          className="inspector-item "
          onClick={[Function]}
          onKeyDown={[Function]}
          tabIndex="0"
        >
          jvm/postGC/PS_Eden_Space/used
        </li>
        <li
          className="inspector-item "
          onClick={[Function]}
          onKeyDown={[Function]}
          tabIndex="0"
        >
          jvm/postGC/PS_Old_Gen/max
        </li>
        <li
          className="inspector-item "
          onClick={[Function]}
          onKeyDown={[Function]}
          tabIndex="0"
        >
          jvm/postGC/PS_Old_Gen/used
        </li>
        <li
          className="inspector-item "
          onClick={[Function]}
          onKeyDown={[Function]}
          tabIndex="0"
        >
          jvm/postGC/PS_Survivor_Space/max
        </li>
        <li
          className="inspector-item "
          onClick={[Function]}
          onKeyDown={[Function]}
          tabIndex="0"
        >
          jvm/postGC/PS_Survivor_Space/used
        </li>
        <li
          className="inspector-item "
          onClick={[Function]}
          onKeyDown={[Function]}
          tabIndex="0"
        >
          jvm/postGC/used
        </li>
        <li
          className="inspector-item "
          onClick={[Function]}
          onKeyDown={[Function]}
          tabIndex="0"
        >
          jvm/safepoint/count
        </li>
        <li
          className="inspector-item "
          onClick={[Function]}
          onKeyDown={[Function]}
          tabIndex="0"
        >
          jvm/safepoint/sync_time_millis
        </li>
        <li
          className="inspector-item "
          onClick={[Function]}
          onKeyDown={[Function]}
          tabIndex="0"
        >
          jvm/safepoint/total_time_millis
        </li>
        <li
          className="inspector-item "
          onClick={[Function]}
          onKeyDown={[Function]}
          tabIndex="0"
        >
          jvm/start_time
        </li>
        <li
          className="inspector-item "
          onClick={[Function]}
          onKeyDown={[Function]}
          tabIndex="0"
        >
          jvm/tenuring_threshold
        </li>
        <li
          className="inspector-item "
          onClick={[Function]}
          onKeyDown={[Function]}
          tabIndex="0"
        >
          jvm/thread/count
        </li>
        <li
          className="inspector-item "
          onClick={[Function]}
          onKeyDown={[Function]}
          tabIndex="0"
        >
          jvm/thread/daemon_count
        </li>
        <li
          className="inspector-item "
          onClick={[Function]}
          onKeyDown={[Function]}
          tabIndex="0"
        >
          jvm/thread/peak_count
        </li>
        <li
          className="inspector-item "
          onClick={[Function]}
          onKeyDown={[Function]}
          tabIndex="0"
        >
          jvm/uptime
        </li>
        <li
          className="inspector-item "
          onClick={[Function]}
          onKeyDown={[Function]}
          tabIndex="0"
        >
          larger_than_threadlocal_out_buffer
        </li>
        <li
          className="inspector-item "
          onClick={[Function]}
          onKeyDown={[Function]}
          tabIndex="0"
        >
          response_size.count
        </li>
        <li
          className="inspector-item "
          onClick={[Function]}
          onKeyDown={[Function]}
          tabIndex="0"
        >
          route/functionalroles/GET/errors.count
        </li>
        <li
          className="inspector-item "
          onClick={[Function]}
          onKeyDown={[Function]}
          tabIndex="0"
        >
          route/functionalroles/GET/in_throughput
        </li>
        <li
          className="inspector-item "
          onClick={[Function]}
          onKeyDown={[Function]}
          tabIndex="0"
        >
          route/functionalroles/GET/latency_ms.avg
        </li>
        <li
          className="inspector-item "
          onClick={[Function]}
          onKeyDown={[Function]}
          tabIndex="0"
        >
          route/functionalroles/GET/latency_ms.count
        </li>
        <li
          className="inspector-item "
          onClick={[Function]}
          onKeyDown={[Function]}
          tabIndex="0"
        >
          route/functionalroles/GET/latency_ms.max
        </li>
        <li
          className="inspector-item "
          onClick={[Function]}
          onKeyDown={[Function]}
          tabIndex="0"
        >
          route/functionalroles/GET/latency_ms.min
        </li>
        <li
          className="inspector-item "
          onClick={[Function]}
          onKeyDown={[Function]}
          tabIndex="0"
        >
          route/functionalroles/GET/latency_ms.p50
        </li>
        <li
          className="inspector-item "
          onClick={[Function]}
          onKeyDown={[Function]}
          tabIndex="0"
        >
          route/functionalroles/GET/latency_ms.p90
        </li>
        <li
          className="inspector-item "
          onClick={[Function]}
          onKeyDown={[Function]}
          tabIndex="0"
        >
          route/functionalroles/GET/latency_ms.p95
        </li>
        <li
          className="inspector-item "
          onClick={[Function]}
          onKeyDown={[Function]}
          tabIndex="0"
        >
          route/functionalroles/GET/latency_ms.p99
        </li>
        <li
          className="inspector-item "
          onClick={[Function]}
          onKeyDown={[Function]}
          tabIndex="0"
        >
          route/functionalroles/GET/latency_ms.p9990
        </li>
        <li
          className="inspector-item "
          onClick={[Function]}
          onKeyDown={[Function]}
          tabIndex="0"
        >
          route/functionalroles/GET/latency_ms.p9999
        </li>
        <li
          className="inspector-item "
          onClick={[Function]}
          onKeyDown={[Function]}
          tabIndex="0"
        >
          route/functionalroles/GET/latency_ms.sum
        </li>
        <li
          className="inspector-item "
          onClick={[Function]}
          onKeyDown={[Function]}
          tabIndex="0"
        >
          route/functionalroles/GET/out_throughput
        </li>
        <li
          className="inspector-item "
          onClick={[Function]}
          onKeyDown={[Function]}
          tabIndex="0"
        >
          route/functionalroles/GET/requests
        </li>
        <li
          className="inspector-item "
          onClick={[Function]}
          onKeyDown={[Function]}
          tabIndex="0"
        >
          route/ping/GET/requests
        </li>
        <li
          className="inspector-item "
          onClick={[Function]}
          onKeyDown={[Function]}
          tabIndex="0"
        >
          route/ping/GET/response_size.count
        </li>
        <li
          className="inspector-item "
          onClick={[Function]}
          onKeyDown={[Function]}
          tabIndex="0"
        >
          route/ping/GET/status/200
        </li>
        <li
          className="inspector-item "
          onClick={[Function]}
          onKeyDown={[Function]}
          tabIndex="0"
        >
          route/ping/GET/status/2XX
        </li>
        <li
          className="inspector-item "
          onClick={[Function]}
          onKeyDown={[Function]}
          tabIndex="0"
        >
          route/ping/GET/time.count
        </li>
        <li
          className="inspector-item "
          onClick={[Function]}
          onKeyDown={[Function]}
          tabIndex="0"
        >
          route/ping/GET/time/200.count
        </li>
        <li
          className="inspector-item "
          onClick={[Function]}
          onKeyDown={[Function]}
          tabIndex="0"
        >
          route/ping/GET/time/2XX.count
        </li>
        <li
          className="inspector-item "
          onClick={[Function]}
          onKeyDown={[Function]}
          tabIndex="0"
        >
          scheduler/blocking_ms
        </li>
        <li
          className="inspector-item "
          onClick={[Function]}
          onKeyDown={[Function]}
          tabIndex="0"
        >
          scheduler/dispatches
        </li>
        <li
          className="inspector-item "
          onClick={[Function]}
          onKeyDown={[Function]}
          tabIndex="0"
        >
          service/failure
        </li>
        <li
          className="inspector-item "
          onClick={[Function]}
          onKeyDown={[Function]}
          tabIndex="0"
        >
          srv/thrift::non-ssl/dtab/size.count
        </li>
        <li
          className="inspector-item "
          onClick={[Function]}
          onKeyDown={[Function]}
          tabIndex="0"
        >
          srv/thrift::non-ssl/handletime_us.count
        </li>
        <li
          className="inspector-item "
          onClick={[Function]}
          onKeyDown={[Function]}
          tabIndex="0"
        >
          srv/thrift::non-ssl/pending
        </li>
        <li
          className="inspector-item "
          onClick={[Function]}
          onKeyDown={[Function]}
          tabIndex="0"
        >
          srv/thrift::non-ssl/request_latency_ms.count
        </li>
        <li
          className="inspector-item "
          onClick={[Function]}
          onKeyDown={[Function]}
          tabIndex="0"
        >
          srv/thrift::non-ssl/requests
        </li>
        <li
          className="inspector-item "
          onClick={[Function]}
          onKeyDown={[Function]}
          tabIndex="0"
        >
          srv/thrift::non-ssl/success
        </li>
        <li
          className="inspector-item "
          onClick={[Function]}
          onKeyDown={[Function]}
          tabIndex="0"
        >
          srv/thrift::non-ssl/transit_latency_ms.count
        </li>
        <li
          className="inspector-item "
          onClick={[Function]}
          onKeyDown={[Function]}
          tabIndex="0"
        >
          status/200
        </li>
        <li
          className="inspector-item "
          onClick={[Function]}
          onKeyDown={[Function]}
          tabIndex="0"
        >
          status/2XX
        </li>
        <li
          className="inspector-item "
          onClick={[Function]}
          onKeyDown={[Function]}
          tabIndex="0"
        >
          time/200.count
        </li>
        <li
          className="inspector-item "
          onClick={[Function]}
          onKeyDown={[Function]}
          tabIndex="0"
        >
          time/2XX.count
        </li>
        <li
          className="inspector-item "
          onClick={[Function]}
          onKeyDown={[Function]}
          tabIndex="0"
        >
          toggles/com.twitter.finagle.core/checksum
        </li>
        <li
          className="inspector-item "
          onClick={[Function]}
          onKeyDown={[Function]}
          tabIndex="0"
        >
          toggles/com.twitter.finagle.http/checksum
        </li>
        <li
          className="inspector-item "
          onClick={[Function]}
          onKeyDown={[Function]}
          tabIndex="0"
        >
          toggles/com.twitter.finagle.netty4/checksum
        </li>
        <li
          className="inspector-item "
          onClick={[Function]}
          onKeyDown={[Function]}
          tabIndex="0"
        >
          toggles/com.twitter.finagle.stats/checksum
        </li>
        <li
          className="inspector-item "
          onClick={[Function]}
          onKeyDown={[Function]}
          tabIndex="0"
        >
          toggles/com.twitter.finagle.thrift/checksum
        </li>
      </ul>
    </div>
  </div>
  <div
    className="sc-gqjmRU ccGZcu"
  >
    <p>
      Select a metric to display
    </p>
  </div>
</div>
`;
